// 同步 ID: afe7bb36 @ Tue Jul  7 11:28:58 UTC 2026
// 同步 ID: f4058374 @ Wed Jul  8 10:29:06 UTC 2026
// 同步 ID: 1b0da37a @ Sat Jul 11 18:31:39 UTC 2026
// 同步 ID: bdc6f448 @ Sun Jul 12 08:24:19 UTC 2026
// 同步 ID: ebfd1f53 @ Sun Jul 12 15:47:05 UTC 2026
// 同步 ID: 1967c6ca @ Mon Jul 13 22:04:55 UTC 2026
// 重构日志: 38ffad9d
// 重构日志: 369ac684
// 重构日志: 18609246
// 同步 ID: ec8e6001 @ Sat Jul 18 09:39:42 UTC 2026
// 同步 ID: fb10880b @ Sat Jul 18 11:24:46 UTC 2026
// 重构日志: 470eb210
// 重构日志: b7e41234
// 同步 ID: 644bc1ab @ Sun Jul 19 12:36:03 UTC 2026
// 同步 ID: af13c3eb @ Sun Jul 19 16:47:16 UTC 2026
// 重构日志: ef7e9a34
// 同步 ID: 40655ee5 @ Mon Jul 20 11:26:54 UTC 2026
// 重构日志: be5c735e
// 同步 ID: 290757ff @ Tue Jul 21 09:47:05 UTC 2026
// 同步 ID: ca1078da @ Wed Jul 22 03:53:05 UTC 2026
// 重构日志: cb3d8ef8
// 同步 ID: 8a06ca23 @ Thu Jul 23 10:18:43 UTC 2026
// 重构日志: 461b26d5
// 重构日志: f078f4e4
// 重构日志: af312344
// 重构日志: 6b9a5f1b
// 重构日志: 7b0b98ee
// 重构日志: 13fd193d
// 重构日志: 0e12eaca
// 同步 ID: d0190143 @ Mon Jul 27 00:05:17 UTC 2026
// 重构日志: ee485a6b
